// Jest Snapshot v1, https://goo.gl/fbAQLP

exports[`App.tsx Should generate a snapshot 1`] = `[Function]`;
